
*** Running vivado
    with args -log sr_flip_flop.vds -m64 -product Vivado -mode batch -messageDb vivado.pb -notrace -source sr_flip_flop.tcl

INFO: [Common 17-3922] A valid Vivado Design Suite BASIC license has been detected. Your current license is active and will expire on 18-aug-2027.
#-----------------------------------------------------------
# Vivado v2026.1 (64-bit)
# SW Build 6511674 on Tue Jun 16 11:01:26 MDT 2026
# IP Build 6504888 on Tue Jun 09 09:05:25 MDT 2026
# SharedData Build 6501428 on Mon Jun 08 17:34:18 MDT 2026
# Start of session at: Tue Aug 25 23:00:38 2026
# Process ID         : 387369
# Current directory  : /home/zangetsu/vlsi_projects/full_adder_using_half_adder/full_adder_using_half_adder.runs/synth_1
# Command line       : vivado -log sr_flip_flop.vds -product Vivado -mode batch -messageDb vivado.pb -notrace -source sr_flip_flop.tcl
# Log file           : /home/zangetsu/vlsi_projects/full_adder_using_half_adder/full_adder_using_half_adder.runs/synth_1/sr_flip_flop.vds
# Journal file       : /home/zangetsu/vlsi_projects/full_adder_using_half_adder/full_adder_using_half_adder.runs/synth_1/vivado.jou
# Running On         : seireitei
# Platform           : Ubuntu
# Operating System   : Ubuntu 24.04.4 LTS
# Processor Detail   : 13th Gen Intel(R) Core(TM) i5-13450HX
# CPU Frequency      : 2659.983 MHz
# CPU Physical cores : 10
# CPU Logical cores  : 16
# Host memory        : 16456 MB
# Swap memory        : 4294 MB
# Total Virtual      : 20751 MB
# Available Virtual  : 9337 MB
#-----------------------------------------------------------

****** Vivado v2026.1 (64-bit)
  **** SW Build 6511674 on Tue Jun 16 11:01:26 MDT 2026
  **** IP Build 6504888 on Tue Jun 09 09:05:25 MDT 2026
  **** SharedData Build 6501428 on Mon Jun 08 17:34:18 MDT 2026
  **** Start of session at: Tue Aug 25 23:00:38 2026
    ** Copyright 1986-2022 Xilinx, Inc. All Rights Reserved.
    ** Copyright 2022-2026 Advanced Micro Devices, Inc. All Rights Reserved.

source sr_flip_flop.tcl -notrace
Command: synth_design -top sr_flip_flop -part xc7vx485tffg1157-1
Starting synth_design
Attempting to get a license for feature 'Vivado_Synthesis' and/or device 'xc7vx485t'
INFO: [Common 17-349] Got license for feature 'Vivado_Synthesis' and/or device 'xc7vx485t'
INFO: [Synth 8-7079] Multithreading enabled for synth_design using a maximum of 7 processes.
INFO: [Synth 8-7078] Launching helper process for spawning children vivado processes
INFO: [Synth 8-7075] Helper process launched with PID 387444
---------------------------------------------------------------------------------
Starting Synthesize : Time (s): cpu = 00:00:03 ; elapsed = 00:00:03 . Memory (MB): peak = 2209.426 ; gain = 493.141 ; free physical = 183 ; free virtual = 7812
---------------------------------------------------------------------------------
INFO: [Synth 8-6157] synthesizing module 'sr_flip_flop' [/home/zangetsu/vlsi_projects/full_adder_using_half_adder/full_adder_using_half_adder.srcs/sources_1/new/sr_flip_flop.v:23]
INFO: [Synth 8-6155] done synthesizing module 'sr_flip_flop' (0#1) [/home/zangetsu/vlsi_projects/full_adder_using_half_adder/full_adder_using_half_adder.srcs/sources_1/new/sr_flip_flop.v:23]
---------------------------------------------------------------------------------
Finished Synthesize : Time (s): cpu = 00:00:04 ; elapsed = 00:00:04 . Memory (MB): peak = 2294.395 ; gain = 578.109 ; free physical = 190 ; free virtual = 7739
---------------------------------------------------------------------------------
---------------------------------------------------------------------------------
Finished Constraint Validation : Time (s): cpu = 00:00:04 ; elapsed = 00:00:05 . Memory (MB): peak = 2309.238 ; gain = 592.953 ; free physical = 188 ; free virtual = 7737
---------------------------------------------------------------------------------
---------------------------------------------------------------------------------
Start Loading Part and Timing Information
---------------------------------------------------------------------------------
Loading part: xc7vx485tffg1157-1
INFO: [Device 21-403] Loading part xc7vx485tffg1157-1
---------------------------------------------------------------------------------
Finished Loading Part and Timing Information : Time (s): cpu = 00:00:04 ; elapsed = 00:00:05 . Memory (MB): peak = 2309.238 ; gain = 592.953 ; free physical = 187 ; free virtual = 7736
---------------------------------------------------------------------------------
---------------------------------------------------------------------------------
Finished RTL Optimization Phase 2 : Time (s): cpu = 00:00:05 ; elapsed = 00:00:05 . Memory (MB): peak = 2318.145 ; gain = 601.859 ; free physical = 177 ; free virtual = 7727
---------------------------------------------------------------------------------
No constraint files found.
---------------------------------------------------------------------------------
Start RTL Component Statistics 
---------------------------------------------------------------------------------
Detailed RTL Component Info : 
---------------------------------------------------------------------------------
Finished RTL Component Statistics 
---------------------------------------------------------------------------------
---------------------------------------------------------------------------------
Start Part Resource Summary
---------------------------------------------------------------------------------
Part Resources:
DSPs: 2800 (col length:140)
BRAMs: 2060 (col length: RAMB18 140 RAMB36 70)
---------------------------------------------------------------------------------
Finished Part Resource Summary
---------------------------------------------------------------------------------
No constraint files found.
---------------------------------------------------------------------------------
Start Cross Boundary and Area Optimization
---------------------------------------------------------------------------------
---------------------------------------------------------------------------------
Finished Cross Boundary and Area Optimization : Time (s): cpu = 00:00:10 ; elapsed = 00:00:11 . Memory (MB): peak = 2711.121 ; gain = 994.836 ; free physical = 154 ; free virtual = 7552
---------------------------------------------------------------------------------
No constraint files found.
---------------------------------------------------------------------------------
Start Timing Optimization
---------------------------------------------------------------------------------
---------------------------------------------------------------------------------
Finished Timing Optimization : Time (s): cpu = 00:00:10 ; elapsed = 00:00:11 . Memory (MB): peak = 2726.965 ; gain = 1010.680 ; free physical = 166 ; free virtual = 7545
---------------------------------------------------------------------------------
---------------------------------------------------------------------------------
Start Technology Mapping
---------------------------------------------------------------------------------
---------------------------------------------------------------------------------
Finished Technology Mapping : Time (s): cpu = 00:00:10 ; elapsed = 00:00:11 . Memory (MB): peak = 2734.973 ; gain = 1018.688 ; free physical = 158 ; free virtual = 7537
---------------------------------------------------------------------------------
---------------------------------------------------------------------------------
Start IO Insertion
---------------------------------------------------------------------------------
---------------------------------------------------------------------------------
Start Flattening Before IO Insertion
---------------------------------------------------------------------------------
---------------------------------------------------------------------------------
Finished Flattening Before IO Insertion
---------------------------------------------------------------------------------
---------------------------------------------------------------------------------
Start Final Netlist Cleanup
---------------------------------------------------------------------------------
---------------------------------------------------------------------------------
Finished Final Netlist Cleanup
---------------------------------------------------------------------------------
---------------------------------------------------------------------------------
Finished IO Insertion : Time (s): cpu = 00:00:13 ; elapsed = 00:00:13 . Memory (MB): peak = 2922.785 ; gain = 1206.500 ; free physical = 153 ; free virtual = 7355
---------------------------------------------------------------------------------
---------------------------------------------------------------------------------
Start Renaming Generated Instances
---------------------------------------------------------------------------------
---------------------------------------------------------------------------------
Finished Renaming Generated Instances : Time (s): cpu = 00:00:13 ; elapsed = 00:00:13 . Memory (MB): peak = 2922.785 ; gain = 1206.500 ; free physical = 153 ; free virtual = 7355
---------------------------------------------------------------------------------
---------------------------------------------------------------------------------
Start Rebuilding User Hierarchy
---------------------------------------------------------------------------------
---------------------------------------------------------------------------------
Finished Rebuilding User Hierarchy : Time (s): cpu = 00:00:13 ; elapsed = 00:00:13 . Memory (MB): peak = 2922.785 ; gain = 1206.500 ; free physical = 153 ; free virtual = 7354
---------------------------------------------------------------------------------
---------------------------------------------------------------------------------
Start Renaming Generated Ports
---------------------------------------------------------------------------------
---------------------------------------------------------------------------------
Finished Renaming Generated Ports : Time (s): cpu = 00:00:13 ; elapsed = 00:00:13 . Memory (MB): peak = 2922.785 ; gain = 1206.500 ; free physical = 153 ; free virtual = 7354
---------------------------------------------------------------------------------
---------------------------------------------------------------------------------
Start Handling Custom Attributes
---------------------------------------------------------------------------------
---------------------------------------------------------------------------------
Finished Handling Custom Attributes : Time (s): cpu = 00:00:13 ; elapsed = 00:00:13 . Memory (MB): peak = 2922.785 ; gain = 1206.500 ; free physical = 153 ; free virtual = 7354
---------------------------------------------------------------------------------
---------------------------------------------------------------------------------
Start Renaming Generated Nets
---------------------------------------------------------------------------------
---------------------------------------------------------------------------------
Finished Renaming Generated Nets : Time (s): cpu = 00:00:13 ; elapsed = 00:00:13 . Memory (MB): peak = 2922.785 ; gain = 1206.500 ; free physical = 153 ; free virtual = 7354
---------------------------------------------------------------------------------
---------------------------------------------------------------------------------
Start Writing Synthesis Report
---------------------------------------------------------------------------------

Report BlackBoxes: 
+-+--------------+----------+
| |BlackBox name |Instances |
+-+--------------+----------+
+-+--------------+----------+

Report Cell Usage: 
+------+-----+------+
|      |Cell |Count |
+------+-----+------+
|1     |LUT3 |     1|
|2     |LUT4 |     1|
|3     |IBUF |     3|
|4     |OBUF |     2|
+------+-----+------+

Report Instance Areas: 
+------+---------+-------+------+
|      |Instance |Module |Cells |
+------+---------+-------+------+
|1     |top      |       |     7|
+------+---------+-------+------+
---------------------------------------------------------------------------------
Finished Writing Synthesis Report : Time (s): cpu = 00:00:13 ; elapsed = 00:00:13 . Memory (MB): peak = 2922.785 ; gain = 1206.500 ; free physical = 153 ; free virtual = 7354
---------------------------------------------------------------------------------
Synthesis finished with 0 errors, 0 critical warnings and 0 warnings.
Synthesis Optimization Runtime : Time (s): cpu = 00:00:13 ; elapsed = 00:00:13 . Memory (MB): peak = 2922.785 ; gain = 1206.500 ; free physical = 153 ; free virtual = 7354
Synthesis Optimization Complete : Time (s): cpu = 00:00:13 ; elapsed = 00:00:13 . Memory (MB): peak = 2925.754 ; gain = 1206.500 ; free physical = 152 ; free virtual = 7354
INFO: [Project 1-571] Translating synthesized netlist
Netlist sorting complete. Time (s): cpu = 00:00:00 ; elapsed = 00:00:00 . Memory (MB): peak = 2936.660 ; gain = 0.000 ; free physical = 307 ; free virtual = 7479
INFO: [Project 1-570] Preparing netlist for logic optimization
INFO: [Opt 31-138] Pushed 0 inverter(s) to 0 load pin(s).
Netlist sorting complete. Time (s): cpu = 00:00:00 ; elapsed = 00:00:00 . Memory (MB): peak = 3052.160 ; gain = 0.000 ; free physical = 190 ; free virtual = 7361
INFO: [Project 1-111] Unisim Transformation Summary:
No Unisim elements were transformed.

Synth Design complete | Checksum: 150cb9c9
INFO: [Common 17-83] Releasing license: Vivado_Synthesis
12 Infos, 0 Warnings, 0 Critical Warnings and 0 Errors encountered.
synth_design completed successfully
synth_design: Time (s): cpu = 00:00:18 ; elapsed = 00:00:17 . Memory (MB): peak = 3055.129 ; gain = 1338.844 ; free physical = 190 ; free virtual = 7360
INFO: [Common 17-2834] synth_design peak Physical Memory [PSS] (MB): overall = 2131.294; main = 2131.294; forked = 275.331
INFO: [Common 17-2834] synth_design peak Virtual Memory [VSS] (MB): overall = 3567.395; main = 3055.133; forked = 1038.301
Write ShapeDB Complete: Time (s): cpu = 00:00:00 ; elapsed = 00:00:00 . Memory (MB): peak = 3063.133 ; gain = 0.000 ; free physical = 190 ; free virtual = 7360
INFO: [Common 17-1381] The checkpoint '/home/zangetsu/vlsi_projects/full_adder_using_half_adder/full_adder_using_half_adder.runs/synth_1/sr_flip_flop.dcp' has been generated.
INFO: [Vivado 12-24828] Executing command : report_utilization -file sr_flip_flop_utilization_synth.rpt -pb sr_flip_flop_utilization_synth.pb
INFO: [Common 17-206] Exiting Vivado at Tue Aug 25 23:00:58 2026...
