Copyright 1986-2022 Xilinx, Inc. All Rights Reserved. Copyright 2022-2026 Advanced Micro Devices, Inc. All Rights Reserved.
------------------------------------------------------------------------------------------------------------------------------------------------------------------------------------------------------------------------------------------
| Tool Version : Vivado v.2026.1 (lin64) Build 6511674 Tue Jun 16 11:01:26 MDT 2026
| Date         : Sun Sep 13 15:54:08 2026
| Host         : seireitei running 64-bit Ubuntu 24.04.4 LTS
| Command      : report_timing_summary -max_paths 10 -routable_nets -report_unconstrained -file full_adder_timing_summary_routed.rpt -pb full_adder_timing_summary_routed.pb -rpx full_adder_timing_summary_routed.rpx -warn_on_violation
| Design       : full_adder
| Device       : 7vx485t-ffg1157
| Speed File   : -1  PRODUCTION 1.12 2014-09-11
| Design State : Routed
------------------------------------------------------------------------------------------------------------------------------------------------------------------------------------------------------------------------------------------

Timing Summary Report

------------------------------------------------------------------------------------------------
| Timer Settings
| --------------
------------------------------------------------------------------------------------------------

  Enable Multi Corner Analysis               :  Yes
  Enable Pessimism Removal                   :  Yes
  Pessimism Removal Resolution               :  Nearest Common Node
  Enable Input Delay Default Clock           :  No
  Enable Preset / Clear Arcs                 :  No
  Disable Flight Delays                      :  No
  Ignore I/O Paths                           :  No
  Timing Early Launch at Borrowing Latches   :  No
  Borrow Time for Max Delay Exceptions       :  Yes
  Merge Timing Exceptions                    :  Yes
  Inter-SLR Compensation                     :  Conservative

  Corner  Analyze    Analyze    
  Name    Max Paths  Min Paths  
  ------  ---------  ---------  
  Slow    Yes        Yes        
  Fast    Yes        Yes        


------------------------------------------------------------------------------------------------
| Report Methodology
| ------------------
------------------------------------------------------------------------------------------------

No report available as report_methodology has not been run prior. Run report_methodology on the current design for the summary of methodology violations.



check_timing report

Table of Contents
-----------------
1. checking no_clock (0)
2. checking constant_clock (0)
3. checking pulse_width_clock (0)
4. checking unconstrained_internal_endpoints (0)
5. checking no_input_delay (0)
6. checking no_output_delay (0)
7. checking multiple_clock (0)
8. checking generated_clocks (0)
9. checking loops (0)
10. checking partial_input_delay (0)
11. checking partial_output_delay (0)
12. checking latch_loops (0)

1. checking no_clock (0)
------------------------
 There are 0 register/latch pins with no clock.


2. checking constant_clock (0)
------------------------------
 There are 0 register/latch pins with constant_clock.


3. checking pulse_width_clock (0)
---------------------------------
 There are 0 register/latch pins which need pulse_width check


4. checking unconstrained_internal_endpoints (0)
------------------------------------------------
 There are 0 pins that are not constrained for maximum delay.

 There are 0 pins that are not constrained for maximum delay due to constant clock.


5. checking no_input_delay (0)
------------------------------
 There are 0 input ports with no input delay specified.

 There are 0 input ports with no input delay but user has a false path constraint.


6. checking no_output_delay (0)
-------------------------------
 There are 0 ports with no output delay specified.

 There are 0 ports with no output delay but user has a false path constraint

 There are 0 ports with no output delay but with a timing clock defined on it or propagating through it


7. checking multiple_clock (0)
------------------------------
 There are 0 register/latch pins with multiple clocks.


8. checking generated_clocks (0)
--------------------------------
 There are 0 generated clocks that are not connected to a clock source.


9. checking loops (0)
---------------------
 There are 0 combinational loops in the design.


10. checking partial_input_delay (0)
------------------------------------
 There are 0 input ports with partial input delay specified.


11. checking partial_output_delay (0)
-------------------------------------
 There are 0 ports with partial output delay specified.


12. checking latch_loops (0)
----------------------------
 There are 0 combinational latch loops in the design through latch input



------------------------------------------------------------------------------------------------
| Design Timing Summary
| ---------------------
------------------------------------------------------------------------------------------------

    WNS(ns)      TNS(ns)  TNS Failing Endpoints  TNS Total Endpoints      WHS(ns)      THS(ns)  THS Failing Endpoints  THS Total Endpoints     WPWS(ns)     TPWS(ns)  TPWS Failing Endpoints  TPWS Total Endpoints  
    -------      -------  ---------------------  -------------------      -------      -------  ---------------------  -------------------     --------     --------  ----------------------  --------------------  
        inf        0.000                      0                    2          inf        0.000                      0                    2           NA           NA                      NA                    NA  


There are no user specified timing constraints.


------------------------------------------------------------------------------------------------
| Clock Summary
| -------------
------------------------------------------------------------------------------------------------


------------------------------------------------------------------------------------------------
| Intra Clock Table
| -----------------
------------------------------------------------------------------------------------------------

Clock             WNS(ns)      TNS(ns)  TNS Failing Endpoints  TNS Total Endpoints      WHS(ns)      THS(ns)  THS Failing Endpoints  THS Total Endpoints     WPWS(ns)     TPWS(ns)  TPWS Failing Endpoints  TPWS Total Endpoints  
-----             -------      -------  ---------------------  -------------------      -------      -------  ---------------------  -------------------     --------     --------  ----------------------  --------------------  


------------------------------------------------------------------------------------------------
| Inter Clock Table
| -----------------
------------------------------------------------------------------------------------------------

From Clock    To Clock          WNS(ns)      TNS(ns)  TNS Failing Endpoints  TNS Total Endpoints      WHS(ns)      THS(ns)  THS Failing Endpoints  THS Total Endpoints  
----------    --------          -------      -------  ---------------------  -------------------      -------      -------  ---------------------  -------------------  


------------------------------------------------------------------------------------------------
| Other Path Groups Table
| -----------------------
------------------------------------------------------------------------------------------------

Path Group    From Clock    To Clock          WNS(ns)      TNS(ns)  TNS Failing Endpoints  TNS Total Endpoints      WHS(ns)      THS(ns)  THS Failing Endpoints  THS Total Endpoints  
----------    ----------    --------          -------      -------  ---------------------  -------------------      -------      -------  ---------------------  -------------------  


------------------------------------------------------------------------------------------------
| User Ignored Path Table
| -----------------------
------------------------------------------------------------------------------------------------

Path Group    From Clock    To Clock    
----------    ----------    --------    


------------------------------------------------------------------------------------------------
| Unconstrained Path Table
| ------------------------
------------------------------------------------------------------------------------------------

Path Group    From Clock    To Clock    
----------    ----------    --------    
(none)                                    


------------------------------------------------------------------------------------------------
| Timing Details
| --------------
------------------------------------------------------------------------------------------------


--------------------------------------------------------------------------------------
Path Group:  (none)
From Clock:  
  To Clock:  

Max Delay             2 Endpoints
Min Delay             2 Endpoints
--------------------------------------------------------------------------------------


Max Delay Paths
--------------------------------------------------------------------------------------
Slack:                    inf
  Source:                 b_fa
                            (input port)
  Destination:            carry_fa
                            (output port)
  Path Group:             (none)
  Path Type:              Max at Slow Process Corner
  Data Path Delay:        5.674ns  (logic 3.216ns (56.674%)  route 2.459ns (43.326%))
  Logic Levels:           3  (IBUF=1 LUT3=1 OBUF=1)

    Location             Delay type                Incr(ns)  Path(ns)    Netlist Resource(s)
  -------------------------------------------------------------------    -------------------
    AP27                                              0.000     0.000 r  b_fa
                         net (fo=0)                   0.000     0.000    b_fa
    AP27                 IBUF (Prop_ibuf_I_O)         0.733     0.733 r  b_fa_IBUF_inst/O
                         net (fo=2, routed)           1.062     1.794    b_fa_IBUF
    SLICE_X47Y51         LUT3 (Prop_lut3_I0_O)        0.064     1.858 r  carry_fa_OBUF_inst_i_1/O
                         net (fo=1, routed)           1.397     3.255    carry_fa_OBUF
    AP26                 OBUF (Prop_obuf_I_O)         2.419     5.674 r  carry_fa_OBUF_inst/O
                         net (fo=0)                   0.000     5.674    carry_fa
    AP26                                                              r  carry_fa
  -------------------------------------------------------------------    -------------------

Slack:                    inf
  Source:                 b_fa
                            (input port)
  Destination:            sum_fa
                            (output port)
  Path Group:             (none)
  Path Type:              Max at Slow Process Corner
  Data Path Delay:        5.638ns  (logic 3.091ns (54.814%)  route 2.548ns (45.186%))
  Logic Levels:           3  (IBUF=1 LUT3=1 OBUF=1)

    Location             Delay type                Incr(ns)  Path(ns)    Netlist Resource(s)
  -------------------------------------------------------------------    -------------------
    AP27                                              0.000     0.000 r  b_fa
                         net (fo=0)                   0.000     0.000    b_fa
    AP27                 IBUF (Prop_ibuf_I_O)         0.733     0.733 r  b_fa_IBUF_inst/O
                         net (fo=2, routed)           1.062     1.794    b_fa_IBUF
    SLICE_X47Y51         LUT3 (Prop_lut3_I0_O)        0.053     1.847 r  sum_fa_OBUF_inst_i_1/O
                         net (fo=1, routed)           1.486     3.333    sum_fa_OBUF
    AP25                 OBUF (Prop_obuf_I_O)         2.305     5.638 r  sum_fa_OBUF_inst/O
                         net (fo=0)                   0.000     5.638    sum_fa
    AP25                                                              r  sum_fa
  -------------------------------------------------------------------    -------------------





Min Delay Paths
--------------------------------------------------------------------------------------
Slack:                    inf
  Source:                 a_fa
                            (input port)
  Destination:            carry_fa
                            (output port)
  Path Group:             (none)
  Path Type:              Min at Fast Process Corner
  Data Path Delay:        2.214ns  (logic 1.283ns (57.938%)  route 0.931ns (42.063%))
  Logic Levels:           3  (IBUF=1 LUT3=1 OBUF=1)

    Location             Delay type                Incr(ns)  Path(ns)    Netlist Resource(s)
  -------------------------------------------------------------------    -------------------
    AF24                                              0.000     0.000 r  a_fa
                         net (fo=0)                   0.000     0.000    a_fa
    AF24                 IBUF (Prop_ibuf_I_O)         0.077     0.077 r  a_fa_IBUF_inst/O
                         net (fo=2, routed)           0.480     0.557    a_fa_IBUF
    SLICE_X47Y51         LUT3 (Prop_lut3_I2_O)        0.029     0.586 r  carry_fa_OBUF_inst_i_1/O
                         net (fo=1, routed)           0.451     1.037    carry_fa_OBUF
    AP26                 OBUF (Prop_obuf_I_O)         1.177     2.214 r  carry_fa_OBUF_inst/O
                         net (fo=0)                   0.000     2.214    carry_fa
    AP26                                                              r  carry_fa
  -------------------------------------------------------------------    -------------------

Slack:                    inf
  Source:                 a_fa
                            (input port)
  Destination:            sum_fa
                            (output port)
  Path Group:             (none)
  Path Type:              Min at Fast Process Corner
  Data Path Delay:        2.216ns  (logic 1.243ns (56.086%)  route 0.973ns (43.914%))
  Logic Levels:           3  (IBUF=1 LUT3=1 OBUF=1)

    Location             Delay type                Incr(ns)  Path(ns)    Netlist Resource(s)
  -------------------------------------------------------------------    -------------------
    AF24                                              0.000     0.000 r  a_fa
                         net (fo=0)                   0.000     0.000    a_fa
    AF24                 IBUF (Prop_ibuf_I_O)         0.077     0.077 r  a_fa_IBUF_inst/O
                         net (fo=2, routed)           0.480     0.557    a_fa_IBUF
    SLICE_X47Y51         LUT3 (Prop_lut3_I1_O)        0.028     0.585 r  sum_fa_OBUF_inst_i_1/O
                         net (fo=1, routed)           0.493     1.078    sum_fa_OBUF
    AP25                 OBUF (Prop_obuf_I_O)         1.138     2.216 r  sum_fa_OBUF_inst/O
                         net (fo=0)                   0.000     2.216    sum_fa
    AP25                                                              r  sum_fa
  -------------------------------------------------------------------    -------------------





