
*** Running vivado
    with args -log full_adder.vds -m64 -product Vivado -mode batch -messageDb vivado.pb -notrace -source full_adder.tcl

INFO: [Common 17-3922] A valid Vivado Design Suite BASIC license has been detected. Your current license is active and will expire on 18-aug-2027.
#-----------------------------------------------------------
# Vivado v2026.1 (64-bit)
# SW Build 6511674 on Tue Jun 16 11:01:26 MDT 2026
# IP Build 6504888 on Tue Jun 09 09:05:25 MDT 2026
# SharedData Build 6501428 on Mon Jun 08 17:34:18 MDT 2026
# Start of session at: Sun Sep 13 15:52:38 2026
# Process ID         : 51345
# Current directory  : /home/zangetsu/full_adder_behavioural/full_adder_behavioural.runs/synth_1
# Command line       : vivado -log full_adder.vds -product Vivado -mode batch -messageDb vivado.pb -notrace -source full_adder.tcl
# Log file           : /home/zangetsu/full_adder_behavioural/full_adder_behavioural.runs/synth_1/full_adder.vds
# Journal file       : /home/zangetsu/full_adder_behavioural/full_adder_behavioural.runs/synth_1/vivado.jou
# Running On         : seireitei
# Platform           : Ubuntu
# Operating System   : Ubuntu 24.04.4 LTS
# Processor Detail   : 13th Gen Intel(R) Core(TM) i5-13450HX
# CPU Frequency      : 1849.626 MHz
# CPU Physical cores : 10
# CPU Logical cores  : 16
# Host memory        : 16456 MB
# Swap memory        : 4294 MB
# Total Virtual      : 20751 MB
# Available Virtual  : 9923 MB
#-----------------------------------------------------------

****** Vivado v2026.1 (64-bit)
  **** SW Build 6511674 on Tue Jun 16 11:01:26 MDT 2026
  **** IP Build 6504888 on Tue Jun 09 09:05:25 MDT 2026
  **** SharedData Build 6501428 on Mon Jun 08 17:34:18 MDT 2026
  **** Start of session at: Sun Sep 13 15:52:38 2026
    ** Copyright 1986-2022 Xilinx, Inc. All Rights Reserved.
    ** Copyright 2022-2026 Advanced Micro Devices, Inc. All Rights Reserved.

source full_adder.tcl -notrace
Command: synth_design -top full_adder -part xc7vx485tffg1157-1
Starting synth_design
Attempting to get a license for feature 'Vivado_Synthesis' and/or device 'xc7vx485t'
INFO: [Common 17-349] Got license for feature 'Vivado_Synthesis' and/or device 'xc7vx485t'
INFO: [Synth 8-7079] Multithreading enabled for synth_design using a maximum of 7 processes.
INFO: [Synth 8-7078] Launching helper process for spawning children vivado processes
INFO: [Synth 8-7075] Helper process launched with PID 51385
---------------------------------------------------------------------------------
Starting Synthesize : Time (s): cpu = 00:00:03 ; elapsed = 00:00:03 . Memory (MB): peak = 2209.910 ; gain = 491.617 ; free physical = 253 ; free virtual = 8457
---------------------------------------------------------------------------------
INFO: [Synth 8-6157] synthesizing module 'full_adder' [/home/zangetsu/full_adder_behavioural/full_adder_behavioural.srcs/sources_1/new/full_adder.v:23]
INFO: [Synth 8-6155] done synthesizing module 'full_adder' (0#1) [/home/zangetsu/full_adder_behavioural/full_adder_behavioural.srcs/sources_1/new/full_adder.v:23]
---------------------------------------------------------------------------------
Finished Synthesize : Time (s): cpu = 00:00:04 ; elapsed = 00:00:04 . Memory (MB): peak = 2293.879 ; gain = 575.586 ; free physical = 223 ; free virtual = 8380
---------------------------------------------------------------------------------
---------------------------------------------------------------------------------
Finished Constraint Validation : Time (s): cpu = 00:00:04 ; elapsed = 00:00:05 . Memory (MB): peak = 2311.691 ; gain = 593.398 ; free physical = 221 ; free virtual = 8378
---------------------------------------------------------------------------------
---------------------------------------------------------------------------------
Start Loading Part and Timing Information
---------------------------------------------------------------------------------
Loading part: xc7vx485tffg1157-1
INFO: [Device 21-403] Loading part xc7vx485tffg1157-1
---------------------------------------------------------------------------------
Finished Loading Part and Timing Information : Time (s): cpu = 00:00:04 ; elapsed = 00:00:05 . Memory (MB): peak = 2311.691 ; gain = 593.398 ; free physical = 220 ; free virtual = 8378
---------------------------------------------------------------------------------
---------------------------------------------------------------------------------
Finished RTL Optimization Phase 2 : Time (s): cpu = 00:00:05 ; elapsed = 00:00:05 . Memory (MB): peak = 2320.598 ; gain = 602.305 ; free physical = 204 ; free virtual = 8369
---------------------------------------------------------------------------------
No constraint files found.
---------------------------------------------------------------------------------
Start RTL Component Statistics 
---------------------------------------------------------------------------------
Detailed RTL Component Info : 
+---XORs : 
	   3 Input      1 Bit         XORs := 1     
---------------------------------------------------------------------------------
Finished RTL Component Statistics 
---------------------------------------------------------------------------------
---------------------------------------------------------------------------------
Start Part Resource Summary
---------------------------------------------------------------------------------
Part Resources:
DSPs: 2800 (col length:140)
BRAMs: 2060 (col length: RAMB18 140 RAMB36 70)
---------------------------------------------------------------------------------
Finished Part Resource Summary
---------------------------------------------------------------------------------
No constraint files found.
---------------------------------------------------------------------------------
Start Cross Boundary and Area Optimization
---------------------------------------------------------------------------------
---------------------------------------------------------------------------------
Finished Cross Boundary and Area Optimization : Time (s): cpu = 00:00:10 ; elapsed = 00:00:11 . Memory (MB): peak = 2711.199 ; gain = 992.906 ; free physical = 276 ; free virtual = 8125
---------------------------------------------------------------------------------
No constraint files found.
---------------------------------------------------------------------------------
Start Timing Optimization
---------------------------------------------------------------------------------
---------------------------------------------------------------------------------
Finished Timing Optimization : Time (s): cpu = 00:00:11 ; elapsed = 00:00:11 . Memory (MB): peak = 2727.043 ; gain = 1008.750 ; free physical = 267 ; free virtual = 8117
---------------------------------------------------------------------------------
---------------------------------------------------------------------------------
Start Technology Mapping
---------------------------------------------------------------------------------
---------------------------------------------------------------------------------
Finished Technology Mapping : Time (s): cpu = 00:00:11 ; elapsed = 00:00:11 . Memory (MB): peak = 2735.051 ; gain = 1016.758 ; free physical = 251 ; free virtual = 8102
---------------------------------------------------------------------------------
---------------------------------------------------------------------------------
Start IO Insertion
---------------------------------------------------------------------------------
---------------------------------------------------------------------------------
Start Flattening Before IO Insertion
---------------------------------------------------------------------------------
---------------------------------------------------------------------------------
Finished Flattening Before IO Insertion
---------------------------------------------------------------------------------
---------------------------------------------------------------------------------
Start Final Netlist Cleanup
---------------------------------------------------------------------------------
---------------------------------------------------------------------------------
Finished Final Netlist Cleanup
---------------------------------------------------------------------------------
---------------------------------------------------------------------------------
Finished IO Insertion : Time (s): cpu = 00:00:13 ; elapsed = 00:00:14 . Memory (MB): peak = 2922.863 ; gain = 1204.570 ; free physical = 232 ; free virtual = 7893
---------------------------------------------------------------------------------
---------------------------------------------------------------------------------
Start Renaming Generated Instances
---------------------------------------------------------------------------------
---------------------------------------------------------------------------------
Finished Renaming Generated Instances : Time (s): cpu = 00:00:13 ; elapsed = 00:00:14 . Memory (MB): peak = 2922.863 ; gain = 1204.570 ; free physical = 232 ; free virtual = 7893
---------------------------------------------------------------------------------
---------------------------------------------------------------------------------
Start Rebuilding User Hierarchy
---------------------------------------------------------------------------------
---------------------------------------------------------------------------------
Finished Rebuilding User Hierarchy : Time (s): cpu = 00:00:13 ; elapsed = 00:00:14 . Memory (MB): peak = 2922.863 ; gain = 1204.570 ; free physical = 232 ; free virtual = 7893
---------------------------------------------------------------------------------
---------------------------------------------------------------------------------
Start Renaming Generated Ports
---------------------------------------------------------------------------------
---------------------------------------------------------------------------------
Finished Renaming Generated Ports : Time (s): cpu = 00:00:13 ; elapsed = 00:00:14 . Memory (MB): peak = 2922.863 ; gain = 1204.570 ; free physical = 232 ; free virtual = 7893
---------------------------------------------------------------------------------
---------------------------------------------------------------------------------
Start Handling Custom Attributes
---------------------------------------------------------------------------------
---------------------------------------------------------------------------------
Finished Handling Custom Attributes : Time (s): cpu = 00:00:13 ; elapsed = 00:00:14 . Memory (MB): peak = 2922.863 ; gain = 1204.570 ; free physical = 232 ; free virtual = 7893
---------------------------------------------------------------------------------
---------------------------------------------------------------------------------
Start Renaming Generated Nets
---------------------------------------------------------------------------------
---------------------------------------------------------------------------------
Finished Renaming Generated Nets : Time (s): cpu = 00:00:13 ; elapsed = 00:00:14 . Memory (MB): peak = 2922.863 ; gain = 1204.570 ; free physical = 232 ; free virtual = 7893
---------------------------------------------------------------------------------
---------------------------------------------------------------------------------
Start Writing Synthesis Report
---------------------------------------------------------------------------------

Report BlackBoxes: 
+-+--------------+----------+
| |BlackBox name |Instances |
+-+--------------+----------+
+-+--------------+----------+

Report Cell Usage: 
+------+-----+------+
|      |Cell |Count |
+------+-----+------+
|1     |LUT3 |     2|
|2     |IBUF |     3|
|3     |OBUF |     2|
+------+-----+------+

Report Instance Areas: 
+------+---------+-------+------+
|      |Instance |Module |Cells |
+------+---------+-------+------+
|1     |top      |       |     7|
+------+---------+-------+------+
---------------------------------------------------------------------------------
Finished Writing Synthesis Report : Time (s): cpu = 00:00:13 ; elapsed = 00:00:14 . Memory (MB): peak = 2922.863 ; gain = 1204.570 ; free physical = 232 ; free virtual = 7893
---------------------------------------------------------------------------------
Synthesis finished with 0 errors, 0 critical warnings and 0 warnings.
Synthesis Optimization Runtime : Time (s): cpu = 00:00:13 ; elapsed = 00:00:14 . Memory (MB): peak = 2922.863 ; gain = 1204.570 ; free physical = 232 ; free virtual = 7893
Synthesis Optimization Complete : Time (s): cpu = 00:00:13 ; elapsed = 00:00:14 . Memory (MB): peak = 2925.832 ; gain = 1204.570 ; free physical = 232 ; free virtual = 7894
INFO: [Project 1-571] Translating synthesized netlist
Netlist sorting complete. Time (s): cpu = 00:00:00 ; elapsed = 00:00:00 . Memory (MB): peak = 2937.738 ; gain = 0.000 ; free physical = 209 ; free virtual = 7876
INFO: [Project 1-570] Preparing netlist for logic optimization
INFO: [Opt 31-138] Pushed 0 inverter(s) to 0 load pin(s).
Netlist sorting complete. Time (s): cpu = 00:00:00 ; elapsed = 00:00:00 . Memory (MB): peak = 3092.258 ; gain = 0.000 ; free physical = 239 ; free virtual = 7924
INFO: [Project 1-111] Unisim Transformation Summary:
No Unisim elements were transformed.

Synth Design complete | Checksum: 718943c4
INFO: [Common 17-83] Releasing license: Vivado_Synthesis
12 Infos, 0 Warnings, 0 Critical Warnings and 0 Errors encountered.
synth_design completed successfully
synth_design: Time (s): cpu = 00:00:18 ; elapsed = 00:00:18 . Memory (MB): peak = 3095.227 ; gain = 1376.934 ; free physical = 236 ; free virtual = 7922
INFO: [Common 17-2834] synth_design peak Physical Memory [PSS] (MB): overall = 2152.896; main = 2152.896; forked = 279.690
INFO: [Common 17-2834] synth_design peak Virtual Memory [VSS] (MB): overall = 3540.547; main = 3095.230; forked = 1038.312
Write ShapeDB Complete: Time (s): cpu = 00:00:00 ; elapsed = 00:00:00 . Memory (MB): peak = 3119.238 ; gain = 0.000 ; free physical = 236 ; free virtual = 7923
INFO: [Common 17-1381] The checkpoint '/home/zangetsu/full_adder_behavioural/full_adder_behavioural.runs/synth_1/full_adder.dcp' has been generated.
INFO: [Vivado 12-24828] Executing command : report_utilization -file full_adder_utilization_synth.rpt -pb full_adder_utilization_synth.pb
INFO: [Common 17-206] Exiting Vivado at Sun Sep 13 15:52:59 2026...
