#-----------------------------------------------------------
# Vivado v2026.1 (64-bit)
# SW Build 6511674 on Tue Jun 16 11:01:26 MDT 2026
# IP Build 6504888 on Tue Jun 09 09:05:25 MDT 2026
# SharedData Build 6501428 on Mon Jun 08 17:34:18 MDT 2026
# Start of session at: Sat Aug 22 18:31:14 2026
# Process ID         : 110749
# Current directory  : /home/zangetsu/vlsi_projects/project_2/project_2.runs/synth_1
# Command line       : vivado -log two_bit_comparator.vds -product Vivado -mode batch -messageDb vivado.pb -notrace -source two_bit_comparator.tcl
# Log file           : /home/zangetsu/vlsi_projects/project_2/project_2.runs/synth_1/two_bit_comparator.vds
# Journal file       : /home/zangetsu/vlsi_projects/project_2/project_2.runs/synth_1/vivado.jou
# Running On         : seireitei
# Platform           : Ubuntu
# Operating System   : Ubuntu 24.04.4 LTS
# Processor Detail   : 13th Gen Intel(R) Core(TM) i5-13450HX
# CPU Frequency      : 800.115 MHz
# CPU Physical cores : 10
# CPU Logical cores  : 16
# Host memory        : 16456 MB
# Swap memory        : 4294 MB
# Total Virtual      : 20751 MB
# Available Virtual  : 9285 MB
#-----------------------------------------------------------
source two_bit_comparator.tcl -notrace
